{
  "formats": [
    {
      "name": "NYTimes Slideshow Flex XL - Desktop",
      "format_id": "display_slideshow_flex_xl_desktop_1125x600",
      "type": "display",
      "description": "Split screen slideshow format for multi-part image-led storytelling on desktop (1125x600 breakpoint)",
      "extends": "foundation_product_showcase_carousel",
      "width": 1125,
      "height": 600,
      "max_file_size_kb": null,
      "file_types": ["jpg", "png"],
      "is_standard": false,
      "specs": {
        "image_count": "3-5",
        "image_dimensions": "600x600px",
        "headlines": "Up to 5 (character limit: 100)",
        "descriptor_messages": "Up to 5 (character limit: 210)",
        "cta_message": "1 (character limit: 15)",
        "logo": "1 (transparent PNG or EPS)",
        "click_through_url": "HTTPS format",
        "platform": "Desktop",
        "text_free": "Images must be free of text, logo or branding"
      },
      "source_url": "https://advertising.nytimes.com/formats/display-formats/slideshow-flex-xl/"
    },
    {
      "name": "NYTimes Slideshow Flex XL - Desktop Alternative",
      "format_id": "display_slideshow_flex_xl_desktop_970x600",
      "type": "display",
      "description": "Split screen slideshow format for multi-part image-led storytelling on desktop (970x600 breakpoint)",
      "extends": "foundation_product_showcase_carousel",
      "width": 970,
      "height": 600,
      "max_file_size_kb": null,
      "file_types": ["jpg", "png"],
      "is_standard": false,
      "specs": {
        "image_count": "3-5",
        "image_dimensions": "600x600px",
        "headlines": "Up to 5 (character limit: 100)",
        "descriptor_messages": "Up to 5 (character limit: 210)",
        "cta_message": "1 (character limit: 15)",
        "logo": "1 (transparent PNG or EPS)",
        "click_through_url": "HTTPS format",
        "platform": "Desktop",
        "text_free": "Images must be free of text, logo or branding"
      },
      "source_url": "https://advertising.nytimes.com/formats/display-formats/slideshow-flex-xl/"
    },
    {
      "name": "NYTimes Slideshow Flex XL - Tablet",
      "format_id": "display_slideshow_flex_xl_tablet",
      "type": "display",
      "description": "Split screen slideshow format for multi-part image-led storytelling on tablet",
      "extends": "foundation_product_showcase_carousel",
      "width": 728,
      "height": 600,
      "max_file_size_kb": null,
      "file_types": ["jpg", "png"],
      "is_standard": false,
      "specs": {
        "image_count": "3-5",
        "image_dimensions": "600x600px",
        "headlines": "Up to 5 (character limit: 100)",
        "descriptor_messages": "Up to 5 (character limit: 210)",
        "cta_message": "1 (character limit: 15)",
        "logo": "1 (transparent PNG or EPS)",
        "click_through_url": "HTTPS format",
        "platform": "Tablet Web",
        "text_free": "Images must be free of text, logo or branding"
      },
      "source_url": "https://advertising.nytimes.com/formats/display-formats/slideshow-flex-xl/"
    },
    {
      "name": "NYTimes Slideshow Flex XL - Mobile",
      "format_id": "display_slideshow_flex_xl_mobile",
      "type": "display",
      "description": "Split screen slideshow format for multi-part image-led storytelling on mobile",
      "extends": "foundation_product_showcase_carousel",
      "width": 800,
      "height": 1400,
      "max_file_size_kb": null,
      "file_types": ["jpg", "png"],
      "is_standard": false,
      "specs": {
        "image_count": "3-5",
        "retina_display": true,
        "safe_zone": "100px on all sides",
        "headlines": "Up to 5 (character limit: 100)",
        "descriptor_messages": "Up to 5 (character limit: 70)",
        "cta_message": "1 (character limit: 15)",
        "logo": "1 (transparent PNG or EPS)",
        "click_through_url": "HTTPS format",
        "platforms": ["Mobile Web", "Mobile App"],
        "text_free": "Images must be free of text, logo or branding"
      },
      "source_url": "https://advertising.nytimes.com/formats/display-formats/slideshow-flex-xl/"
    }
  ]
}